src/services/payment-receipt.service.ts(123,11): error TS2353: Object literal may only specify known properties, and 'supplier' does not exist in type 'PaymentReceiptInclude<DefaultArgs>'.
src/services/payment-receipt.service.ts(253,9): error TS2353: Object literal may only specify known properties, and 'supplier' does not exist in type 'PaymentReceiptInclude<DefaultArgs>'.
src/services/payment-receipt.service.ts(292,17): error TS2339: Property 'customerRef' does not exist on type '{ id: number; createdAt: Date; createdBy: number; deletedAt: Date | null; customerId: number; notes: string | null; isPosted: boolean; amount: Decimal; orderId: number | null; ... 5 more ...; receiptDate: Date; }'.
src/services/payment-receipt.service.ts(294,21): error TS2339: Property 'customerRef' does not exist on type '{ id: number; createdAt: Date; createdBy: number; deletedAt: Date | null; customerId: number; notes: string | null; isPosted: boolean; amount: Decimal; orderId: number | null; ... 5 more ...; receiptDate: Date; }'.
src/services/payment-receipt.service.ts(295,23): error TS2339: Property 'customerRef' does not exist on type '{ id: number; createdAt: Date; createdBy: number; deletedAt: Date | null; customerId: number; notes: string | null; isPosted: boolean; amount: Decimal; orderId: number | null; ... 5 more ...; receiptDate: Date; }'.
src/services/payment-receipt.service.ts(296,23): error TS2339: Property 'customerRef' does not exist on type '{ id: number; createdAt: Date; createdBy: number; deletedAt: Date | null; customerId: number; notes: string | null; isPosted: boolean; amount: Decimal; orderId: number | null; ... 5 more ...; receiptDate: Date; }'.
src/services/payment-receipt.service.ts(297,24): error TS2339: Property 'customerRef' does not exist on type '{ id: number; createdAt: Date; createdBy: number; deletedAt: Date | null; customerId: number; notes: string | null; isPosted: boolean; amount: Decimal; orderId: number | null; ... 5 more ...; receiptDate: Date; }'.
src/services/payment-receipt.service.ts(298,24): error TS2339: Property 'customerRef' does not exist on type '{ id: number; createdAt: Date; createdBy: number; deletedAt: Date | null; customerId: number; notes: string | null; isPosted: boolean; amount: Decimal; orderId: number | null; ... 5 more ...; receiptDate: Date; }'.
src/services/payment-receipt.service.ts(299,26): error TS2339: Property 'customerRef' does not exist on type '{ id: number; createdAt: Date; createdBy: number; deletedAt: Date | null; customerId: number; notes: string | null; isPosted: boolean; amount: Decimal; orderId: number | null; ... 5 more ...; receiptDate: Date; }'.
src/services/payment-receipt.service.ts(300,31): error TS2339: Property 'customerRef' does not exist on type '{ id: number; createdAt: Date; createdBy: number; deletedAt: Date | null; customerId: number; notes: string | null; isPosted: boolean; amount: Decimal; orderId: number | null; ... 5 more ...; receiptDate: Date; }'.
src/services/payment-receipt.service.ts(302,24): error TS2339: Property 'supplier' does not exist on type '{ id: number; createdAt: Date; createdBy: number; deletedAt: Date | null; customerId: number; notes: string | null; isPosted: boolean; amount: Decimal; orderId: number | null; ... 5 more ...; receiptDate: Date; }'.
src/services/payment-receipt.service.ts(304,21): error TS2339: Property 'supplier' does not exist on type '{ id: number; createdAt: Date; createdBy: number; deletedAt: Date | null; customerId: number; notes: string | null; isPosted: boolean; amount: Decimal; orderId: number | null; ... 5 more ...; receiptDate: Date; }'.
src/services/payment-receipt.service.ts(305,23): error TS2339: Property 'supplier' does not exist on type '{ id: number; createdAt: Date; createdBy: number; deletedAt: Date | null; customerId: number; notes: string | null; isPosted: boolean; amount: Decimal; orderId: number | null; ... 5 more ...; receiptDate: Date; }'.
src/services/payment-receipt.service.ts(306,23): error TS2339: Property 'supplier' does not exist on type '{ id: number; createdAt: Date; createdBy: number; deletedAt: Date | null; customerId: number; notes: string | null; isPosted: boolean; amount: Decimal; orderId: number | null; ... 5 more ...; receiptDate: Date; }'.
src/services/payment-receipt.service.ts(307,24): error TS2339: Property 'supplier' does not exist on type '{ id: number; createdAt: Date; createdBy: number; deletedAt: Date | null; customerId: number; notes: string | null; isPosted: boolean; amount: Decimal; orderId: number | null; ... 5 more ...; receiptDate: Date; }'.
src/services/payment-receipt.service.ts(308,24): error TS2339: Property 'supplier' does not exist on type '{ id: number; createdAt: Date; createdBy: number; deletedAt: Date | null; customerId: number; notes: string | null; isPosted: boolean; amount: Decimal; orderId: number | null; ... 5 more ...; receiptDate: Date; }'.
src/services/payment-receipt.service.ts(309,26): error TS2339: Property 'supplier' does not exist on type '{ id: number; createdAt: Date; createdBy: number; deletedAt: Date | null; customerId: number; notes: string | null; isPosted: boolean; amount: Decimal; orderId: number | null; ... 5 more ...; receiptDate: Date; }'.
src/services/payment-receipt.service.ts(310,31): error TS2339: Property 'supplier' does not exist on type '{ id: number; createdAt: Date; createdBy: number; deletedAt: Date | null; customerId: number; notes: string | null; isPosted: boolean; amount: Decimal; orderId: number | null; ... 5 more ...; receiptDate: Date; }'.
src/services/payment-receipt.service.ts(313,17): error TS2551: Property 'customer' does not exist on type '{ id: number; createdAt: Date; createdBy: number; deletedAt: Date | null; customerId: number; notes: string | null; isPosted: boolean; amount: Decimal; orderId: number | null; ... 5 more ...; receiptDate: Date; }'. Did you mean 'customerId'?
src/services/payment-receipt.service.ts(315,20): error TS2551: Property 'customer' does not exist on type '{ id: number; createdAt: Date; createdBy: number; deletedAt: Date | null; customerId: number; notes: string | null; isPosted: boolean; amount: Decimal; orderId: number | null; ... 5 more ...; receiptDate: Date; }'. Did you mean 'customerId'?
src/services/payment-receipt.service.ts(316,23): error TS2551: Property 'customer' does not exist on type '{ id: number; createdAt: Date; createdBy: number; deletedAt: Date | null; customerId: number; notes: string | null; isPosted: boolean; amount: Decimal; orderId: number | null; ... 5 more ...; receiptDate: Date; }'. Did you mean 'customerId'?
src/services/payment-receipt.service.ts(317,25): error TS2551: Property 'customer' does not exist on type '{ id: number; createdAt: Date; createdBy: number; deletedAt: Date | null; customerId: number; notes: string | null; isPosted: boolean; amount: Decimal; orderId: number | null; ... 5 more ...; receiptDate: Date; }'. Did you mean 'customerId'?
src/services/payment-receipt.service.ts(326,17): error TS2339: Property 'creator' does not exist on type '{ id: number; createdAt: Date; createdBy: number; deletedAt: Date | null; customerId: number; notes: string | null; isPosted: boolean; amount: Decimal; orderId: number | null; ... 5 more ...; receiptDate: Date; }'.
src/services/payment-receipt.service.ts(327,38): error TS2339: Property 'creator' does not exist on type '{ id: number; createdAt: Date; createdBy: number; deletedAt: Date | null; customerId: number; notes: string | null; isPosted: boolean; amount: Decimal; orderId: number | null; ... 5 more ...; receiptDate: Date; }'.
src/services/payment-receipt.service.ts(403,9): error TS2322: Type '{ receiptCode: string; receiptType: "sales" | "debt_collection" | "refund" | "other"; customerId: number | undefined; supplierId: number | undefined; orderId: number | undefined; ... 8 more ...; createdBy: number; }' is not assignable to type '(Without<PaymentReceiptCreateInput, PaymentReceiptUncheckedCreateInput> & PaymentReceiptUncheckedCreateInput) | (Without<...> & PaymentReceiptCreateInput)'.
  Types of property 'customerId' are incompatible.
    Type 'number | undefined' is not assignable to type 'number'.
      Type 'undefined' is not assignable to type 'number'.
src/services/payment-receipt.service.ts(585,24): error TS2339: Property 'supplierId' does not exist on type '{ customerRef: { id: number; status: CustomerStatus; createdAt: Date; email: string | null; cccd: string | null; issuedAt: Date | null; issuedBy: string | null; ... 22 more ...; debtExtensionDate: Date | null; }; } & { ...; }'.
src/services/payment-receipt.service.ts(586,55): error TS2339: Property 'supplierId' does not exist on type '{ customerRef: { id: number; status: CustomerStatus; createdAt: Date; email: string | null; cccd: string | null; issuedAt: Date | null; issuedBy: string | null; ... 22 more ...; debtExtensionDate: Date | null; }; } & { ...; }'.
src/services/payment-receipt.service.ts(587,97): error TS2339: Property 'supplierId' does not exist on type '{ customerRef: { id: number; status: CustomerStatus; createdAt: Date; email: string | null; cccd: string | null; issuedAt: Date | null; issuedBy: string | null; ... 22 more ...; debtExtensionDate: Date | null; }; } & { ...; }'.
src/services/payment-receipt.service.ts(642,24): error TS2339: Property 'supplierId' does not exist on type '{ customerRef: { id: number; status: CustomerStatus; createdAt: Date; email: string | null; cccd: string | null; issuedAt: Date | null; issuedBy: string | null; ... 22 more ...; debtExtensionDate: Date | null; }; } & { ...; }'.
src/services/payment-receipt.service.ts(643,55): error TS2339: Property 'supplierId' does not exist on type '{ customerRef: { id: number; status: CustomerStatus; createdAt: Date; email: string | null; cccd: string | null; issuedAt: Date | null; issuedBy: string | null; ... 22 more ...; debtExtensionDate: Date | null; }; } & { ...; }'.
src/services/payment-receipt.service.ts(644,99): error TS2339: Property 'supplierId' does not exist on type '{ customerRef: { id: number; status: CustomerStatus; createdAt: Date; email: string | null; cccd: string | null; issuedAt: Date | null; issuedBy: string | null; ... 22 more ...; debtExtensionDate: Date | null; }; } & { ...; }'.
